Archive member included to satisfy reference by file (symbol)

c:/gcc-arm-none-eabi/10 2021.10/bin/../lib/gcc/arm-none-eabi/10.3.1/../../../../arm-none-eabi/lib\libc.a(lib_a-exit.o)
                              c:/gcc-arm-none-eabi/10 2021.10/bin/../lib/gcc/arm-none-eabi/10.3.1/../../../../arm-none-eabi/lib/crt0.o (exit)
c:/gcc-arm-none-eabi/10 2021.10/bin/../lib/gcc/arm-none-eabi/10.3.1/../../../../arm-none-eabi/lib\libc.a(lib_a-impure.o)
                              c:/gcc-arm-none-eabi/10 2021.10/bin/../lib/gcc/arm-none-eabi/10.3.1/../../../../arm-none-eabi/lib\libc.a(lib_a-exit.o) (_global_impure_ptr)
c:/gcc-arm-none-eabi/10 2021.10/bin/../lib/gcc/arm-none-eabi/10.3.1/../../../../arm-none-eabi/lib\libc.a(lib_a-init.o)
                              c:/gcc-arm-none-eabi/10 2021.10/bin/../lib/gcc/arm-none-eabi/10.3.1/../../../../arm-none-eabi/lib/crt0.o (__libc_init_array)
c:/gcc-arm-none-eabi/10 2021.10/bin/../lib/gcc/arm-none-eabi/10.3.1/../../../../arm-none-eabi/lib\libc.a(lib_a-memset.o)
                              c:/gcc-arm-none-eabi/10 2021.10/bin/../lib/gcc/arm-none-eabi/10.3.1/../../../../arm-none-eabi/lib/crt0.o (memset)
c:/gcc-arm-none-eabi/10 2021.10/bin/../lib/gcc/arm-none-eabi/10.3.1/../../../../arm-none-eabi/lib\libc.a(lib_a-__call_atexit.o)
                              c:/gcc-arm-none-eabi/10 2021.10/bin/../lib/gcc/arm-none-eabi/10.3.1/../../../../arm-none-eabi/lib\libc.a(lib_a-exit.o) (__call_exitprocs)
c:/gcc-arm-none-eabi/10 2021.10/bin/../lib/gcc/arm-none-eabi/10.3.1/../../../../arm-none-eabi/lib\libc.a(lib_a-atexit.o)
                              c:/gcc-arm-none-eabi/10 2021.10/bin/../lib/gcc/arm-none-eabi/10.3.1/../../../../arm-none-eabi/lib\libc.a(lib_a-__call_atexit.o) (atexit)
c:/gcc-arm-none-eabi/10 2021.10/bin/../lib/gcc/arm-none-eabi/10.3.1/../../../../arm-none-eabi/lib\libc.a(lib_a-fini.o)
                              c:/gcc-arm-none-eabi/10 2021.10/bin/../lib/gcc/arm-none-eabi/10.3.1/../../../../arm-none-eabi/lib\libc.a(lib_a-__call_atexit.o) (__libc_fini_array)
c:/gcc-arm-none-eabi/10 2021.10/bin/../lib/gcc/arm-none-eabi/10.3.1/../../../../arm-none-eabi/lib\libc.a(lib_a-lock.o)
                              c:/gcc-arm-none-eabi/10 2021.10/bin/../lib/gcc/arm-none-eabi/10.3.1/../../../../arm-none-eabi/lib\libc.a(lib_a-__call_atexit.o) (__retarget_lock_acquire_recursive)
c:/gcc-arm-none-eabi/10 2021.10/bin/../lib/gcc/arm-none-eabi/10.3.1/../../../../arm-none-eabi/lib\libc.a(lib_a-__atexit.o)
                              c:/gcc-arm-none-eabi/10 2021.10/bin/../lib/gcc/arm-none-eabi/10.3.1/../../../../arm-none-eabi/lib\libc.a(lib_a-atexit.o) (__register_exitproc)

Memory Configuration

Name             Origin             Length             Attributes
*default*        0x00000000         0xffffffff

Linker script and memory map

LOAD c:/gcc-arm-none-eabi/10 2021.10/bin/../lib/gcc/arm-none-eabi/10.3.1/crti.o
LOAD c:/gcc-arm-none-eabi/10 2021.10/bin/../lib/gcc/arm-none-eabi/10.3.1/crtbegin.o
LOAD c:/gcc-arm-none-eabi/10 2021.10/bin/../lib/gcc/arm-none-eabi/10.3.1/../../../../arm-none-eabi/lib/crt0.o
LOAD C:\Users\opto\AppData\Local\Temp\ccKPkhAg.o
LOAD c:/gcc-arm-none-eabi/10 2021.10/bin/../lib/gcc/arm-none-eabi/10.3.1/../../../../arm-none-eabi/lib\libstdc++.a
LOAD c:/gcc-arm-none-eabi/10 2021.10/bin/../lib/gcc/arm-none-eabi/10.3.1/../../../../arm-none-eabi/lib\libm.a
START GROUP
LOAD c:/gcc-arm-none-eabi/10 2021.10/bin/../lib/gcc/arm-none-eabi/10.3.1\libgcc.a
LOAD c:/gcc-arm-none-eabi/10 2021.10/bin/../lib/gcc/arm-none-eabi/10.3.1/../../../../arm-none-eabi/lib\libc.a
END GROUP
LOAD c:/gcc-arm-none-eabi/10 2021.10/bin/../lib/gcc/arm-none-eabi/10.3.1/crtend.o
LOAD c:/gcc-arm-none-eabi/10 2021.10/bin/../lib/gcc/arm-none-eabi/10.3.1/crtn.o
                [!provide]                PROVIDE (__executable_start = SEGMENT_START ("text-segment", 0x8000))
                0x00008000                . = SEGMENT_START ("text-segment", 0x8000)

.interp
 *(.interp)

.note.gnu.build-id
 *(.note.gnu.build-id)

.hash
 *(.hash)

.gnu.hash
 *(.gnu.hash)

.dynsym
 *(.dynsym)

.dynstr
 *(.dynstr)

.gnu.version
 *(.gnu.version)

.gnu.version_d
 *(.gnu.version_d)

.gnu.version_r
 *(.gnu.version_r)

.rel.dyn        0x00008000        0x0
 *(.rel.init)
 *(.rel.text .rel.text.* .rel.gnu.linkonce.t.*)
 *(.rel.fini)
 *(.rel.rodata .rel.rodata.* .rel.gnu.linkonce.r.*)
 *(.rel.data.rel.ro .rel.data.rel.ro.* .rel.gnu.linkonce.d.rel.ro.*)
 *(.rel.data .rel.data.* .rel.gnu.linkonce.d.*)
 *(.rel.tdata .rel.tdata.* .rel.gnu.linkonce.td.*)
 *(.rel.tbss .rel.tbss.* .rel.gnu.linkonce.tb.*)
 *(.rel.ctors)
 *(.rel.dtors)
 *(.rel.got)
 *(.rel.bss .rel.bss.* .rel.gnu.linkonce.b.*)
                [!provide]                PROVIDE (__rel_iplt_start = .)
 *(.rel.iplt)
 .rel.iplt      0x00008000        0x0 c:/gcc-arm-none-eabi/10 2021.10/bin/../lib/gcc/arm-none-eabi/10.3.1/crtbegin.o
                [!provide]                PROVIDE (__rel_iplt_end = .)

.rela.dyn       0x00008000        0x0
 *(.rela.init)
 *(.rela.text .rela.text.* .rela.gnu.linkonce.t.*)
 *(.rela.fini)
 *(.rela.rodata .rela.rodata.* .rela.gnu.linkonce.r.*)
 *(.rela.data .rela.data.* .rela.gnu.linkonce.d.*)
 *(.rela.tdata .rela.tdata.* .rela.gnu.linkonce.td.*)
 *(.rela.tbss .rela.tbss.* .rela.gnu.linkonce.tb.*)
 *(.rela.ctors)
 *(.rela.dtors)
 *(.rela.got)
 *(.rela.bss .rela.bss.* .rela.gnu.linkonce.b.*)
                [!provide]                PROVIDE (__rela_iplt_start = .)
 *(.rela.iplt)
                [!provide]                PROVIDE (__rela_iplt_end = .)

.rel.plt
 *(.rel.plt)

.rela.plt
 *(.rela.plt)

.init           0x00008000       0x18
 *(SORT_NONE(.init))
 .init          0x00008000        0xc c:/gcc-arm-none-eabi/10 2021.10/bin/../lib/gcc/arm-none-eabi/10.3.1/crti.o
                0x00008000                _init
 .init          0x0000800c        0xc c:/gcc-arm-none-eabi/10 2021.10/bin/../lib/gcc/arm-none-eabi/10.3.1/crtn.o

.plt
 *(.plt)

.iplt           0x00008018        0x0
 *(.iplt)
 .iplt          0x00008018        0x0 c:/gcc-arm-none-eabi/10 2021.10/bin/../lib/gcc/arm-none-eabi/10.3.1/crtbegin.o

.text           0x00008018      0x658
 *(.text.unlikely .text.*_unlikely .text.unlikely.*)
 *(.text.exit .text.exit.*)
 .text.exit     0x00008018       0x34 c:/gcc-arm-none-eabi/10 2021.10/bin/../lib/gcc/arm-none-eabi/10.3.1/../../../../arm-none-eabi/lib\libc.a(lib_a-exit.o)
                0x00008018                exit
 *(.text.startup .text.startup.*)
 .text.startup.register_fini
                0x0000804c       0x28 c:/gcc-arm-none-eabi/10 2021.10/bin/../lib/gcc/arm-none-eabi/10.3.1/../../../../arm-none-eabi/lib\libc.a(lib_a-__call_atexit.o)
 *(.text.hot .text.hot.*)
 *(SORT_BY_NAME(.text.sorted.*))
 *(.text .stub .text.* .gnu.linkonce.t.*)
 .text          0x00008074        0x0 c:/gcc-arm-none-eabi/10 2021.10/bin/../lib/gcc/arm-none-eabi/10.3.1/crti.o
 .text          0x00008074       0x70 c:/gcc-arm-none-eabi/10 2021.10/bin/../lib/gcc/arm-none-eabi/10.3.1/crtbegin.o
 .text          0x000080e4      0x138 c:/gcc-arm-none-eabi/10 2021.10/bin/../lib/gcc/arm-none-eabi/10.3.1/../../../../arm-none-eabi/lib/crt0.o
                0x000080e4                _stack_init
                0x0000816c                _start
                0x0000816c                _mainCRTStartup
 .text          0x0000821c       0x28 C:\Users\opto\AppData\Local\Temp\ccKPkhAg.o
                0x0000821c                main
 .text          0x00008244        0x0 c:/gcc-arm-none-eabi/10 2021.10/bin/../lib/gcc/arm-none-eabi/10.3.1/../../../../arm-none-eabi/lib\libc.a(lib_a-exit.o)
 .text          0x00008244        0x0 c:/gcc-arm-none-eabi/10 2021.10/bin/../lib/gcc/arm-none-eabi/10.3.1/../../../../arm-none-eabi/lib\libc.a(lib_a-impure.o)
 .text          0x00008244        0x0 c:/gcc-arm-none-eabi/10 2021.10/bin/../lib/gcc/arm-none-eabi/10.3.1/../../../../arm-none-eabi/lib\libc.a(lib_a-init.o)
 .text.__libc_init_array
                0x00008244       0x88 c:/gcc-arm-none-eabi/10 2021.10/bin/../lib/gcc/arm-none-eabi/10.3.1/../../../../arm-none-eabi/lib\libc.a(lib_a-init.o)
                0x00008244                __libc_init_array
 .text          0x000082cc        0x0 c:/gcc-arm-none-eabi/10 2021.10/bin/../lib/gcc/arm-none-eabi/10.3.1/../../../../arm-none-eabi/lib\libc.a(lib_a-memset.o)
 .text.memset   0x000082cc      0x11c c:/gcc-arm-none-eabi/10 2021.10/bin/../lib/gcc/arm-none-eabi/10.3.1/../../../../arm-none-eabi/lib\libc.a(lib_a-memset.o)
                0x000082cc                memset
 .text          0x000083e8        0x0 c:/gcc-arm-none-eabi/10 2021.10/bin/../lib/gcc/arm-none-eabi/10.3.1/../../../../arm-none-eabi/lib\libc.a(lib_a-__call_atexit.o)
 .text.__call_exitprocs
                0x000083e8      0x138 c:/gcc-arm-none-eabi/10 2021.10/bin/../lib/gcc/arm-none-eabi/10.3.1/../../../../arm-none-eabi/lib\libc.a(lib_a-__call_atexit.o)
                0x000083e8                __call_exitprocs
 .text          0x00008520        0x0 c:/gcc-arm-none-eabi/10 2021.10/bin/../lib/gcc/arm-none-eabi/10.3.1/../../../../arm-none-eabi/lib\libc.a(lib_a-atexit.o)
 .text.atexit   0x00008520       0x20 c:/gcc-arm-none-eabi/10 2021.10/bin/../lib/gcc/arm-none-eabi/10.3.1/../../../../arm-none-eabi/lib\libc.a(lib_a-atexit.o)
                0x00008520                atexit
 .text          0x00008540        0x0 c:/gcc-arm-none-eabi/10 2021.10/bin/../lib/gcc/arm-none-eabi/10.3.1/../../../../arm-none-eabi/lib\libc.a(lib_a-fini.o)
 .text.__libc_fini_array
                0x00008540       0x44 c:/gcc-arm-none-eabi/10 2021.10/bin/../lib/gcc/arm-none-eabi/10.3.1/../../../../arm-none-eabi/lib\libc.a(lib_a-fini.o)
                0x00008540                __libc_fini_array
 .text          0x00008584        0x0 c:/gcc-arm-none-eabi/10 2021.10/bin/../lib/gcc/arm-none-eabi/10.3.1/../../../../arm-none-eabi/lib\libc.a(lib_a-lock.o)
 .text.__retarget_lock_init
                0x00008584        0x4 c:/gcc-arm-none-eabi/10 2021.10/bin/../lib/gcc/arm-none-eabi/10.3.1/../../../../arm-none-eabi/lib\libc.a(lib_a-lock.o)
                0x00008584                __retarget_lock_init
 .text.__retarget_lock_init_recursive
                0x00008588        0x4 c:/gcc-arm-none-eabi/10 2021.10/bin/../lib/gcc/arm-none-eabi/10.3.1/../../../../arm-none-eabi/lib\libc.a(lib_a-lock.o)
                0x00008588                __retarget_lock_init_recursive
 .text.__retarget_lock_close
                0x0000858c        0x4 c:/gcc-arm-none-eabi/10 2021.10/bin/../lib/gcc/arm-none-eabi/10.3.1/../../../../arm-none-eabi/lib\libc.a(lib_a-lock.o)
                0x0000858c                __retarget_lock_close
 .text.__retarget_lock_close_recursive
                0x00008590        0x4 c:/gcc-arm-none-eabi/10 2021.10/bin/../lib/gcc/arm-none-eabi/10.3.1/../../../../arm-none-eabi/lib\libc.a(lib_a-lock.o)
                0x00008590                __retarget_lock_close_recursive
 .text.__retarget_lock_acquire
                0x00008594        0x4 c:/gcc-arm-none-eabi/10 2021.10/bin/../lib/gcc/arm-none-eabi/10.3.1/../../../../arm-none-eabi/lib\libc.a(lib_a-lock.o)
                0x00008594                __retarget_lock_acquire
 .text.__retarget_lock_acquire_recursive
                0x00008598        0x4 c:/gcc-arm-none-eabi/10 2021.10/bin/../lib/gcc/arm-none-eabi/10.3.1/../../../../arm-none-eabi/lib\libc.a(lib_a-lock.o)
                0x00008598                __retarget_lock_acquire_recursive
 .text.__retarget_lock_try_acquire
                0x0000859c        0x8 c:/gcc-arm-none-eabi/10 2021.10/bin/../lib/gcc/arm-none-eabi/10.3.1/../../../../arm-none-eabi/lib\libc.a(lib_a-lock.o)
                0x0000859c                __retarget_lock_try_acquire
 .text.__retarget_lock_try_acquire_recursive
                0x000085a4        0x8 c:/gcc-arm-none-eabi/10 2021.10/bin/../lib/gcc/arm-none-eabi/10.3.1/../../../../arm-none-eabi/lib\libc.a(lib_a-lock.o)
                0x000085a4                __retarget_lock_try_acquire_recursive
 .text.__retarget_lock_release
                0x000085ac        0x4 c:/gcc-arm-none-eabi/10 2021.10/bin/../lib/gcc/arm-none-eabi/10.3.1/../../../../arm-none-eabi/lib\libc.a(lib_a-lock.o)
                0x000085ac                __retarget_lock_release
 .text.__retarget_lock_release_recursive
                0x000085b0        0x4 c:/gcc-arm-none-eabi/10 2021.10/bin/../lib/gcc/arm-none-eabi/10.3.1/../../../../arm-none-eabi/lib\libc.a(lib_a-lock.o)
                0x000085b0                __retarget_lock_release_recursive
 .text          0x000085b4        0x0 c:/gcc-arm-none-eabi/10 2021.10/bin/../lib/gcc/arm-none-eabi/10.3.1/../../../../arm-none-eabi/lib\libc.a(lib_a-__atexit.o)
 .text.__register_exitproc
                0x000085b4       0xbc c:/gcc-arm-none-eabi/10 2021.10/bin/../lib/gcc/arm-none-eabi/10.3.1/../../../../arm-none-eabi/lib\libc.a(lib_a-__atexit.o)
                0x000085b4                __register_exitproc
 .text          0x00008670        0x0 c:/gcc-arm-none-eabi/10 2021.10/bin/../lib/gcc/arm-none-eabi/10.3.1/crtend.o
 .text          0x00008670        0x0 c:/gcc-arm-none-eabi/10 2021.10/bin/../lib/gcc/arm-none-eabi/10.3.1/crtn.o
 *(.gnu.warning)
 *(.glue_7t)
 .glue_7t       0x00008670        0x0 linker stubs
 *(.glue_7)
 .glue_7        0x00008670        0x0 linker stubs
 *(.vfp11_veneer)
 .vfp11_veneer  0x00008670        0x0 linker stubs
 *(.v4_bx)
 .v4_bx         0x00008670        0x0 linker stubs

.fini           0x00008670       0x18
 *(SORT_NONE(.fini))
 .fini          0x00008670        0xc c:/gcc-arm-none-eabi/10 2021.10/bin/../lib/gcc/arm-none-eabi/10.3.1/crti.o
                0x00008670                _fini
 .fini          0x0000867c        0xc c:/gcc-arm-none-eabi/10 2021.10/bin/../lib/gcc/arm-none-eabi/10.3.1/crtn.o
                [!provide]                PROVIDE (__etext = .)
                [!provide]                PROVIDE (_etext = .)
                [!provide]                PROVIDE (etext = .)

.rodata         0x00008688       0x4c
 *(.rodata .rodata.* .gnu.linkonce.r.*)
 .rodata        0x00008688       0x24 c:/gcc-arm-none-eabi/10 2021.10/bin/../lib/gcc/arm-none-eabi/10.3.1/crtbegin.o
 .rodata._global_impure_ptr
                0x000086ac        0x4 c:/gcc-arm-none-eabi/10 2021.10/bin/../lib/gcc/arm-none-eabi/10.3.1/../../../../arm-none-eabi/lib\libc.a(lib_a-impure.o)
                0x000086ac                _global_impure_ptr
 .rodata        0x000086b0       0x24 c:/gcc-arm-none-eabi/10 2021.10/bin/../lib/gcc/arm-none-eabi/10.3.1/crtend.o

.rodata1
 *(.rodata1)

.ARM.extab      0x000086d4        0x0
 *(.ARM.extab* .gnu.linkonce.armextab.*)
 .ARM.extab     0x000086d4        0x0 c:/gcc-arm-none-eabi/10 2021.10/bin/../lib/gcc/arm-none-eabi/10.3.1/../../../../arm-none-eabi/lib/crt0.o
 .ARM.extab     0x000086d4        0x0 C:\Users\opto\AppData\Local\Temp\ccKPkhAg.o

.ARM.exidx      0x000086d4        0x8
                [!provide]                PROVIDE (__exidx_start = .)
 *(.ARM.exidx* .gnu.linkonce.armexidx.*)
 .ARM.exidx     0x000086d4        0x8 c:/gcc-arm-none-eabi/10 2021.10/bin/../lib/gcc/arm-none-eabi/10.3.1/../../../../arm-none-eabi/lib/crt0.o
                                 0x10 (size before relaxing)
 .ARM.exidx     0x000086dc        0x0 C:\Users\opto\AppData\Local\Temp\ccKPkhAg.o
                                  0x8 (size before relaxing)
                [!provide]                PROVIDE (__exidx_end = .)

.eh_frame_hdr
 *(.eh_frame_hdr)
 *(.eh_frame_entry .eh_frame_entry.*)

.eh_frame       0x000086dc        0x4
 *(.eh_frame)
 .eh_frame      0x000086dc        0x0 c:/gcc-arm-none-eabi/10 2021.10/bin/../lib/gcc/arm-none-eabi/10.3.1/crtbegin.o
 .eh_frame      0x000086dc        0x4 c:/gcc-arm-none-eabi/10 2021.10/bin/../lib/gcc/arm-none-eabi/10.3.1/crtend.o
 *(.eh_frame.*)

.gcc_except_table
 *(.gcc_except_table .gcc_except_table.*)

.gnu_extab
 *(.gnu_extab*)

.exception_ranges
 *(.exception_ranges*)
                0x000186e0                . = (ALIGN (CONSTANT (MAXPAGESIZE)) + (. & (CONSTANT (MAXPAGESIZE) - 0x1)))

.eh_frame
 *(.eh_frame)
 *(.eh_frame.*)

.gnu_extab
 *(.gnu_extab)

.gcc_except_table
 *(.gcc_except_table .gcc_except_table.*)

.exception_ranges
 *(.exception_ranges*)

.tdata          0x000186e0        0x0
                [!provide]                PROVIDE (__tdata_start = .)
 *(.tdata .tdata.* .gnu.linkonce.td.*)

.tbss
 *(.tbss .tbss.* .gnu.linkonce.tb.*)
 *(.tcommon)

.preinit_array  0x000186e0        0x0
                0x000186e0                PROVIDE (__preinit_array_start = .)
 *(.preinit_array)
                0x000186e0                PROVIDE (__preinit_array_end = .)

.init_array     0x000186e0        0x8
                0x000186e0                PROVIDE (__init_array_start = .)
 *(SORT_BY_INIT_PRIORITY(.init_array.*) SORT_BY_INIT_PRIORITY(.ctors.*))
 .init_array.00000
                0x000186e0        0x4 c:/gcc-arm-none-eabi/10 2021.10/bin/../lib/gcc/arm-none-eabi/10.3.1/../../../../arm-none-eabi/lib\libc.a(lib_a-__call_atexit.o)
 *(.init_array EXCLUDE_FILE(*crtend?.o *crtend.o *crtbegin?.o *crtbegin.o) .ctors)
 .init_array    0x000186e4        0x4 c:/gcc-arm-none-eabi/10 2021.10/bin/../lib/gcc/arm-none-eabi/10.3.1/crtbegin.o
                0x000186e8                PROVIDE (__init_array_end = .)

.fini_array     0x000186e8        0x4
                0x000186e8                PROVIDE (__fini_array_start = .)
 *(SORT_BY_INIT_PRIORITY(.fini_array.*) SORT_BY_INIT_PRIORITY(.dtors.*))
 *(.fini_array EXCLUDE_FILE(*crtend?.o *crtend.o *crtbegin?.o *crtbegin.o) .dtors)
 .fini_array    0x000186e8        0x4 c:/gcc-arm-none-eabi/10 2021.10/bin/../lib/gcc/arm-none-eabi/10.3.1/crtbegin.o
                0x000186ec                PROVIDE (__fini_array_end = .)

.ctors
 *crtbegin.o(.ctors)
 *crtbegin?.o(.ctors)
 *(EXCLUDE_FILE(*crtend?.o *crtend.o) .ctors)
 *(SORT_BY_NAME(.ctors.*))
 *(.ctors)

.dtors
 *crtbegin.o(.dtors)
 *crtbegin?.o(.dtors)
 *(EXCLUDE_FILE(*crtend?.o *crtend.o) .dtors)
 *(SORT_BY_NAME(.dtors.*))
 *(.dtors)

.jcr
 *(.jcr)

.data.rel.ro
 *(.data.rel.ro.local* .gnu.linkonce.d.rel.ro.local.*)
 *(.data.rel.ro .data.rel.ro.* .gnu.linkonce.d.rel.ro.*)

.dynamic
 *(.dynamic)

.got            0x000186ec        0x0
 *(.got.plt)
 *(.igot.plt)
 .igot.plt      0x000186ec        0x0 c:/gcc-arm-none-eabi/10 2021.10/bin/../lib/gcc/arm-none-eabi/10.3.1/crtbegin.o
 *(.got)
 *(.igot)

.data           0x000186f0      0x434
                0x000186f0                __data_start = .
 *(.data .data.* .gnu.linkonce.d.*)
 .data          0x000186f0        0x0 c:/gcc-arm-none-eabi/10 2021.10/bin/../lib/gcc/arm-none-eabi/10.3.1/crti.o
 .data          0x000186f0        0x4 c:/gcc-arm-none-eabi/10 2021.10/bin/../lib/gcc/arm-none-eabi/10.3.1/crtbegin.o
                0x000186f0                __dso_handle
 .data          0x000186f4        0x0 c:/gcc-arm-none-eabi/10 2021.10/bin/../lib/gcc/arm-none-eabi/10.3.1/../../../../arm-none-eabi/lib/crt0.o
 .data          0x000186f4        0x0 C:\Users\opto\AppData\Local\Temp\ccKPkhAg.o
 .data          0x000186f4        0x0 c:/gcc-arm-none-eabi/10 2021.10/bin/../lib/gcc/arm-none-eabi/10.3.1/../../../../arm-none-eabi/lib\libc.a(lib_a-exit.o)
 .data          0x000186f4        0x0 c:/gcc-arm-none-eabi/10 2021.10/bin/../lib/gcc/arm-none-eabi/10.3.1/../../../../arm-none-eabi/lib\libc.a(lib_a-impure.o)
 .data._impure_ptr
                0x000186f4        0x4 c:/gcc-arm-none-eabi/10 2021.10/bin/../lib/gcc/arm-none-eabi/10.3.1/../../../../arm-none-eabi/lib\libc.a(lib_a-impure.o)
                0x000186f4                _impure_ptr
 .data.impure_data
                0x000186f8      0x428 c:/gcc-arm-none-eabi/10 2021.10/bin/../lib/gcc/arm-none-eabi/10.3.1/../../../../arm-none-eabi/lib\libc.a(lib_a-impure.o)
 .data          0x00018b20        0x0 c:/gcc-arm-none-eabi/10 2021.10/bin/../lib/gcc/arm-none-eabi/10.3.1/../../../../arm-none-eabi/lib\libc.a(lib_a-init.o)
 .data          0x00018b20        0x0 c:/gcc-arm-none-eabi/10 2021.10/bin/../lib/gcc/arm-none-eabi/10.3.1/../../../../arm-none-eabi/lib\libc.a(lib_a-memset.o)
 .data          0x00018b20        0x0 c:/gcc-arm-none-eabi/10 2021.10/bin/../lib/gcc/arm-none-eabi/10.3.1/../../../../arm-none-eabi/lib\libc.a(lib_a-__call_atexit.o)
 .data.__atexit_recursive_mutex
                0x00018b20        0x4 c:/gcc-arm-none-eabi/10 2021.10/bin/../lib/gcc/arm-none-eabi/10.3.1/../../../../arm-none-eabi/lib\libc.a(lib_a-__call_atexit.o)
                0x00018b20                __atexit_recursive_mutex
 .data          0x00018b24        0x0 c:/gcc-arm-none-eabi/10 2021.10/bin/../lib/gcc/arm-none-eabi/10.3.1/../../../../arm-none-eabi/lib\libc.a(lib_a-atexit.o)
 .data          0x00018b24        0x0 c:/gcc-arm-none-eabi/10 2021.10/bin/../lib/gcc/arm-none-eabi/10.3.1/../../../../arm-none-eabi/lib\libc.a(lib_a-fini.o)
 .data          0x00018b24        0x0 c:/gcc-arm-none-eabi/10 2021.10/bin/../lib/gcc/arm-none-eabi/10.3.1/../../../../arm-none-eabi/lib\libc.a(lib_a-lock.o)
 .data          0x00018b24        0x0 c:/gcc-arm-none-eabi/10 2021.10/bin/../lib/gcc/arm-none-eabi/10.3.1/../../../../arm-none-eabi/lib\libc.a(lib_a-__atexit.o)
 .data          0x00018b24        0x0 c:/gcc-arm-none-eabi/10 2021.10/bin/../lib/gcc/arm-none-eabi/10.3.1/crtend.o
 .data          0x00018b24        0x0 c:/gcc-arm-none-eabi/10 2021.10/bin/../lib/gcc/arm-none-eabi/10.3.1/crtn.o

.data1
 *(.data1)
                0x00018b24                _edata = .
                [!provide]                PROVIDE (edata = .)

.persistent     0x00018b24        0x0
                0x00018b24                . = ALIGN (0x4)
                [!provide]                PROVIDE (__persistent_start = .)
 *(.persistent .persistent.* .gnu.linkonce.p.*)
                0x00018b24                . = ALIGN (0x4)
                [!provide]                PROVIDE (__persistent_end = .)
                0x00018b24                . = .
                0x00018b24                __bss_start = .
                0x00018b24                __bss_start__ = .

.bss            0x00018b24       0x40
 *(.dynbss)
 *(.bss .bss.* .gnu.linkonce.b.*)
 .bss           0x00018b24        0x0 c:/gcc-arm-none-eabi/10 2021.10/bin/../lib/gcc/arm-none-eabi/10.3.1/crti.o
 .bss           0x00018b24       0x1c c:/gcc-arm-none-eabi/10 2021.10/bin/../lib/gcc/arm-none-eabi/10.3.1/crtbegin.o
 .bss           0x00018b40        0x0 c:/gcc-arm-none-eabi/10 2021.10/bin/../lib/gcc/arm-none-eabi/10.3.1/../../../../arm-none-eabi/lib/crt0.o
 .bss           0x00018b40        0x0 C:\Users\opto\AppData\Local\Temp\ccKPkhAg.o
 .bss           0x00018b40        0x0 c:/gcc-arm-none-eabi/10 2021.10/bin/../lib/gcc/arm-none-eabi/10.3.1/../../../../arm-none-eabi/lib\libc.a(lib_a-exit.o)
 .bss           0x00018b40        0x0 c:/gcc-arm-none-eabi/10 2021.10/bin/../lib/gcc/arm-none-eabi/10.3.1/../../../../arm-none-eabi/lib\libc.a(lib_a-impure.o)
 .bss           0x00018b40        0x0 c:/gcc-arm-none-eabi/10 2021.10/bin/../lib/gcc/arm-none-eabi/10.3.1/../../../../arm-none-eabi/lib\libc.a(lib_a-init.o)
 .bss           0x00018b40        0x0 c:/gcc-arm-none-eabi/10 2021.10/bin/../lib/gcc/arm-none-eabi/10.3.1/../../../../arm-none-eabi/lib\libc.a(lib_a-memset.o)
 .bss           0x00018b40        0x0 c:/gcc-arm-none-eabi/10 2021.10/bin/../lib/gcc/arm-none-eabi/10.3.1/../../../../arm-none-eabi/lib\libc.a(lib_a-__call_atexit.o)
 .bss           0x00018b40        0x0 c:/gcc-arm-none-eabi/10 2021.10/bin/../lib/gcc/arm-none-eabi/10.3.1/../../../../arm-none-eabi/lib\libc.a(lib_a-atexit.o)
 .bss           0x00018b40        0x0 c:/gcc-arm-none-eabi/10 2021.10/bin/../lib/gcc/arm-none-eabi/10.3.1/../../../../arm-none-eabi/lib\libc.a(lib_a-fini.o)
 .bss           0x00018b40        0x0 c:/gcc-arm-none-eabi/10 2021.10/bin/../lib/gcc/arm-none-eabi/10.3.1/../../../../arm-none-eabi/lib\libc.a(lib_a-lock.o)
 .bss.__lock___arc4random_mutex
                0x00018b40        0x1 c:/gcc-arm-none-eabi/10 2021.10/bin/../lib/gcc/arm-none-eabi/10.3.1/../../../../arm-none-eabi/lib\libc.a(lib_a-lock.o)
                0x00018b40                __lock___arc4random_mutex
 *fill*         0x00018b41        0x3 
 .bss.__lock___at_quick_exit_mutex
                0x00018b44        0x1 c:/gcc-arm-none-eabi/10 2021.10/bin/../lib/gcc/arm-none-eabi/10.3.1/../../../../arm-none-eabi/lib\libc.a(lib_a-lock.o)
                0x00018b44                __lock___at_quick_exit_mutex
 *fill*         0x00018b45        0x3 
 .bss.__lock___atexit_recursive_mutex
                0x00018b48        0x1 c:/gcc-arm-none-eabi/10 2021.10/bin/../lib/gcc/arm-none-eabi/10.3.1/../../../../arm-none-eabi/lib\libc.a(lib_a-lock.o)
                0x00018b48                __lock___atexit_recursive_mutex
 *fill*         0x00018b49        0x3 
 .bss.__lock___dd_hash_mutex
                0x00018b4c        0x1 c:/gcc-arm-none-eabi/10 2021.10/bin/../lib/gcc/arm-none-eabi/10.3.1/../../../../arm-none-eabi/lib\libc.a(lib_a-lock.o)
                0x00018b4c                __lock___dd_hash_mutex
 *fill*         0x00018b4d        0x3 
 .bss.__lock___env_recursive_mutex
                0x00018b50        0x1 c:/gcc-arm-none-eabi/10 2021.10/bin/../lib/gcc/arm-none-eabi/10.3.1/../../../../arm-none-eabi/lib\libc.a(lib_a-lock.o)
                0x00018b50                __lock___env_recursive_mutex
 *fill*         0x00018b51        0x3 
 .bss.__lock___malloc_recursive_mutex
                0x00018b54        0x1 c:/gcc-arm-none-eabi/10 2021.10/bin/../lib/gcc/arm-none-eabi/10.3.1/../../../../arm-none-eabi/lib\libc.a(lib_a-lock.o)
                0x00018b54                __lock___malloc_recursive_mutex
 *fill*         0x00018b55        0x3 
 .bss.__lock___sfp_recursive_mutex
                0x00018b58        0x1 c:/gcc-arm-none-eabi/10 2021.10/bin/../lib/gcc/arm-none-eabi/10.3.1/../../../../arm-none-eabi/lib\libc.a(lib_a-lock.o)
                0x00018b58                __lock___sfp_recursive_mutex
 *fill*         0x00018b59        0x3 
 .bss.__lock___sinit_recursive_mutex
                0x00018b5c        0x1 c:/gcc-arm-none-eabi/10 2021.10/bin/../lib/gcc/arm-none-eabi/10.3.1/../../../../arm-none-eabi/lib\libc.a(lib_a-lock.o)
                0x00018b5c                __lock___sinit_recursive_mutex
 *fill*         0x00018b5d        0x3 
 .bss.__lock___tz_mutex
                0x00018b60        0x1 c:/gcc-arm-none-eabi/10 2021.10/bin/../lib/gcc/arm-none-eabi/10.3.1/../../../../arm-none-eabi/lib\libc.a(lib_a-lock.o)
                0x00018b60                __lock___tz_mutex
 .bss           0x00018b61        0x0 c:/gcc-arm-none-eabi/10 2021.10/bin/../lib/gcc/arm-none-eabi/10.3.1/../../../../arm-none-eabi/lib\libc.a(lib_a-__atexit.o)
 .bss           0x00018b61        0x0 c:/gcc-arm-none-eabi/10 2021.10/bin/../lib/gcc/arm-none-eabi/10.3.1/crtend.o
 .bss           0x00018b61        0x0 c:/gcc-arm-none-eabi/10 2021.10/bin/../lib/gcc/arm-none-eabi/10.3.1/crtn.o
 *(COMMON)
                0x00018b64                . = ALIGN ((. != 0x0)?0x4:0x1)
 *fill*         0x00018b61        0x3 
                0x00018b64                _bss_end__ = .
                0x00018b64                __bss_end__ = .

.noinit         0x00018b64        0x0
                0x00018b64                . = ALIGN (0x4)
                [!provide]                PROVIDE (__noinit_start = .)
 *(.noinit .noinit.* .gnu.linkonce.n.*)
                0x00018b64                . = ALIGN (0x4)
                [!provide]                PROVIDE (__noinit_end = .)
                0x00018b64                . = ALIGN (0x4)
                0x00018b64                . = SEGMENT_START ("ldata-segment", .)
                0x00018b64                . = ALIGN (0x4)
                0x00018b64                __end__ = .
                0x00018b64                _end = .
                [!provide]                PROVIDE (end = .)

.stack          0x00080000        0x0
                0x00080000                _stack = .
 *(.stack)

.stab
 *(.stab)

.stabstr
 *(.stabstr)

.stab.excl
 *(.stab.excl)

.stab.exclstr
 *(.stab.exclstr)

.stab.index
 *(.stab.index)

.stab.indexstr
 *(.stab.indexstr)

.comment        0x00000000       0x49
 *(.comment)
 .comment       0x00000000       0x49 C:\Users\opto\AppData\Local\Temp\ccKPkhAg.o
                                 0x4a (size before relaxing)

.gnu.build.attributes
 *(.gnu.build.attributes .gnu.build.attributes.*)

.debug
 *(.debug)

.line
 *(.line)

.debug_srcinfo
 *(.debug_srcinfo)

.debug_sfnames
 *(.debug_sfnames)

.debug_aranges
 *(.debug_aranges)

.debug_pubnames
 *(.debug_pubnames)

.debug_info
 *(.debug_info .gnu.linkonce.wi.*)

.debug_abbrev
 *(.debug_abbrev)

.debug_line
 *(.debug_line .debug_line.* .debug_line_end)

.debug_frame    0x00000000      0x258
 *(.debug_frame)
 .debug_frame   0x00000000       0x28 c:/gcc-arm-none-eabi/10 2021.10/bin/../lib/gcc/arm-none-eabi/10.3.1/../../../../arm-none-eabi/lib\libc.a(lib_a-exit.o)
 .debug_frame   0x00000028       0x34 c:/gcc-arm-none-eabi/10 2021.10/bin/../lib/gcc/arm-none-eabi/10.3.1/../../../../arm-none-eabi/lib\libc.a(lib_a-init.o)
 .debug_frame   0x0000005c       0x48 c:/gcc-arm-none-eabi/10 2021.10/bin/../lib/gcc/arm-none-eabi/10.3.1/../../../../arm-none-eabi/lib\libc.a(lib_a-memset.o)
 .debug_frame   0x000000a4       0x68 c:/gcc-arm-none-eabi/10 2021.10/bin/../lib/gcc/arm-none-eabi/10.3.1/../../../../arm-none-eabi/lib\libc.a(lib_a-__call_atexit.o)
 .debug_frame   0x0000010c       0x2c c:/gcc-arm-none-eabi/10 2021.10/bin/../lib/gcc/arm-none-eabi/10.3.1/../../../../arm-none-eabi/lib\libc.a(lib_a-atexit.o)
 .debug_frame   0x00000138       0x34 c:/gcc-arm-none-eabi/10 2021.10/bin/../lib/gcc/arm-none-eabi/10.3.1/../../../../arm-none-eabi/lib\libc.a(lib_a-fini.o)
 .debug_frame   0x0000016c       0xb0 c:/gcc-arm-none-eabi/10 2021.10/bin/../lib/gcc/arm-none-eabi/10.3.1/../../../../arm-none-eabi/lib\libc.a(lib_a-lock.o)
 .debug_frame   0x0000021c       0x3c c:/gcc-arm-none-eabi/10 2021.10/bin/../lib/gcc/arm-none-eabi/10.3.1/../../../../arm-none-eabi/lib\libc.a(lib_a-__atexit.o)

.debug_str
 *(.debug_str)

.debug_loc
 *(.debug_loc)

.debug_macinfo
 *(.debug_macinfo)

.debug_weaknames
 *(.debug_weaknames)

.debug_funcnames
 *(.debug_funcnames)

.debug_typenames
 *(.debug_typenames)

.debug_varnames
 *(.debug_varnames)

.debug_pubtypes
 *(.debug_pubtypes)

.debug_ranges
 *(.debug_ranges)

.debug_addr
 *(.debug_addr)

.debug_line_str
 *(.debug_line_str)

.debug_loclists
 *(.debug_loclists)

.debug_macro
 *(.debug_macro)

.debug_names
 *(.debug_names)

.debug_rnglists
 *(.debug_rnglists)

.debug_str_offsets
 *(.debug_str_offsets)

.debug_sup
 *(.debug_sup)

.ARM.attributes
                0x00000000       0x26
 *(.ARM.attributes)
 .ARM.attributes
                0x00000000       0x1c c:/gcc-arm-none-eabi/10 2021.10/bin/../lib/gcc/arm-none-eabi/10.3.1/crti.o
 .ARM.attributes
                0x0000001c       0x2a c:/gcc-arm-none-eabi/10 2021.10/bin/../lib/gcc/arm-none-eabi/10.3.1/crtbegin.o
 .ARM.attributes
                0x00000046       0x1a c:/gcc-arm-none-eabi/10 2021.10/bin/../lib/gcc/arm-none-eabi/10.3.1/../../../../arm-none-eabi/lib/crt0.o
 .ARM.attributes
                0x00000060       0x2a C:\Users\opto\AppData\Local\Temp\ccKPkhAg.o
 .ARM.attributes
                0x0000008a       0x2a c:/gcc-arm-none-eabi/10 2021.10/bin/../lib/gcc/arm-none-eabi/10.3.1/../../../../arm-none-eabi/lib\libc.a(lib_a-exit.o)
 .ARM.attributes
                0x000000b4       0x2a c:/gcc-arm-none-eabi/10 2021.10/bin/../lib/gcc/arm-none-eabi/10.3.1/../../../../arm-none-eabi/lib\libc.a(lib_a-impure.o)
 .ARM.attributes
                0x000000de       0x2a c:/gcc-arm-none-eabi/10 2021.10/bin/../lib/gcc/arm-none-eabi/10.3.1/../../../../arm-none-eabi/lib\libc.a(lib_a-init.o)
 .ARM.attributes
                0x00000108       0x2a c:/gcc-arm-none-eabi/10 2021.10/bin/../lib/gcc/arm-none-eabi/10.3.1/../../../../arm-none-eabi/lib\libc.a(lib_a-memset.o)
 .ARM.attributes
                0x00000132       0x2a c:/gcc-arm-none-eabi/10 2021.10/bin/../lib/gcc/arm-none-eabi/10.3.1/../../../../arm-none-eabi/lib\libc.a(lib_a-__call_atexit.o)
 .ARM.attributes
                0x0000015c       0x2a c:/gcc-arm-none-eabi/10 2021.10/bin/../lib/gcc/arm-none-eabi/10.3.1/../../../../arm-none-eabi/lib\libc.a(lib_a-atexit.o)
 .ARM.attributes
                0x00000186       0x2a c:/gcc-arm-none-eabi/10 2021.10/bin/../lib/gcc/arm-none-eabi/10.3.1/../../../../arm-none-eabi/lib\libc.a(lib_a-fini.o)
 .ARM.attributes
                0x000001b0       0x2a c:/gcc-arm-none-eabi/10 2021.10/bin/../lib/gcc/arm-none-eabi/10.3.1/../../../../arm-none-eabi/lib\libc.a(lib_a-lock.o)
 .ARM.attributes
                0x000001da       0x2a c:/gcc-arm-none-eabi/10 2021.10/bin/../lib/gcc/arm-none-eabi/10.3.1/../../../../arm-none-eabi/lib\libc.a(lib_a-__atexit.o)
 .ARM.attributes
                0x00000204       0x2a c:/gcc-arm-none-eabi/10 2021.10/bin/../lib/gcc/arm-none-eabi/10.3.1/crtend.o
 .ARM.attributes
                0x0000022e       0x1c c:/gcc-arm-none-eabi/10 2021.10/bin/../lib/gcc/arm-none-eabi/10.3.1/crtn.o
 *(.gnu.attributes)

.note.gnu.arm.ident
 *(.note.gnu.arm.ident)

/DISCARD/
 *(.note.GNU-stack)
 *(.gnu_debuglink)
 *(.gnu.lto_*)
OUTPUT(C:\Users\opto\AppData\Local\Temp\.xmake\220816\_61B7C4F37E8245508256631673309770 elf32-littlearm)
LOAD linker stubs

Cross Reference Table

Symbol                                            File
__atexit_recursive_mutex                          c:/gcc-arm-none-eabi/10 2021.10/bin/../lib/gcc/arm-none-eabi/10.3.1/../../../../arm-none-eabi/lib\libc.a(lib_a-__call_atexit.o)
                                                  c:/gcc-arm-none-eabi/10 2021.10/bin/../lib/gcc/arm-none-eabi/10.3.1/../../../../arm-none-eabi/lib\libc.a(lib_a-__atexit.o)
__bss_end__                                       c:/gcc-arm-none-eabi/10 2021.10/bin/../lib/gcc/arm-none-eabi/10.3.1/../../../../arm-none-eabi/lib/crt0.o
__bss_start__                                     c:/gcc-arm-none-eabi/10 2021.10/bin/../lib/gcc/arm-none-eabi/10.3.1/../../../../arm-none-eabi/lib/crt0.o
__call_exitprocs                                  c:/gcc-arm-none-eabi/10 2021.10/bin/../lib/gcc/arm-none-eabi/10.3.1/../../../../arm-none-eabi/lib\libc.a(lib_a-__call_atexit.o)
                                                  c:/gcc-arm-none-eabi/10 2021.10/bin/../lib/gcc/arm-none-eabi/10.3.1/../../../../arm-none-eabi/lib\libc.a(lib_a-exit.o)
__deregister_frame_info                           c:/gcc-arm-none-eabi/10 2021.10/bin/../lib/gcc/arm-none-eabi/10.3.1/crtbegin.o
__dso_handle                                      c:/gcc-arm-none-eabi/10 2021.10/bin/../lib/gcc/arm-none-eabi/10.3.1/crtbegin.o
__fini_array_end                                  c:/gcc-arm-none-eabi/10 2021.10/bin/../lib/gcc/arm-none-eabi/10.3.1/../../../../arm-none-eabi/lib\libc.a(lib_a-fini.o)
__fini_array_start                                c:/gcc-arm-none-eabi/10 2021.10/bin/../lib/gcc/arm-none-eabi/10.3.1/../../../../arm-none-eabi/lib\libc.a(lib_a-fini.o)
__init_array_end                                  c:/gcc-arm-none-eabi/10 2021.10/bin/../lib/gcc/arm-none-eabi/10.3.1/../../../../arm-none-eabi/lib\libc.a(lib_a-init.o)
__init_array_start                                c:/gcc-arm-none-eabi/10 2021.10/bin/../lib/gcc/arm-none-eabi/10.3.1/../../../../arm-none-eabi/lib\libc.a(lib_a-init.o)
__libc_fini                                       c:/gcc-arm-none-eabi/10 2021.10/bin/../lib/gcc/arm-none-eabi/10.3.1/../../../../arm-none-eabi/lib\libc.a(lib_a-__call_atexit.o)
__libc_fini_array                                 c:/gcc-arm-none-eabi/10 2021.10/bin/../lib/gcc/arm-none-eabi/10.3.1/../../../../arm-none-eabi/lib\libc.a(lib_a-fini.o)
                                                  c:/gcc-arm-none-eabi/10 2021.10/bin/../lib/gcc/arm-none-eabi/10.3.1/../../../../arm-none-eabi/lib\libc.a(lib_a-__call_atexit.o)
                                                  c:/gcc-arm-none-eabi/10 2021.10/bin/../lib/gcc/arm-none-eabi/10.3.1/../../../../arm-none-eabi/lib/crt0.o
__libc_init_array                                 c:/gcc-arm-none-eabi/10 2021.10/bin/../lib/gcc/arm-none-eabi/10.3.1/../../../../arm-none-eabi/lib\libc.a(lib_a-init.o)
                                                  c:/gcc-arm-none-eabi/10 2021.10/bin/../lib/gcc/arm-none-eabi/10.3.1/../../../../arm-none-eabi/lib/crt0.o
__lock___arc4random_mutex                         c:/gcc-arm-none-eabi/10 2021.10/bin/../lib/gcc/arm-none-eabi/10.3.1/../../../../arm-none-eabi/lib\libc.a(lib_a-lock.o)
__lock___at_quick_exit_mutex                      c:/gcc-arm-none-eabi/10 2021.10/bin/../lib/gcc/arm-none-eabi/10.3.1/../../../../arm-none-eabi/lib\libc.a(lib_a-lock.o)
__lock___atexit_recursive_mutex                   c:/gcc-arm-none-eabi/10 2021.10/bin/../lib/gcc/arm-none-eabi/10.3.1/../../../../arm-none-eabi/lib\libc.a(lib_a-lock.o)
                                                  c:/gcc-arm-none-eabi/10 2021.10/bin/../lib/gcc/arm-none-eabi/10.3.1/../../../../arm-none-eabi/lib\libc.a(lib_a-__call_atexit.o)
__lock___dd_hash_mutex                            c:/gcc-arm-none-eabi/10 2021.10/bin/../lib/gcc/arm-none-eabi/10.3.1/../../../../arm-none-eabi/lib\libc.a(lib_a-lock.o)
__lock___env_recursive_mutex                      c:/gcc-arm-none-eabi/10 2021.10/bin/../lib/gcc/arm-none-eabi/10.3.1/../../../../arm-none-eabi/lib\libc.a(lib_a-lock.o)
__lock___malloc_recursive_mutex                   c:/gcc-arm-none-eabi/10 2021.10/bin/../lib/gcc/arm-none-eabi/10.3.1/../../../../arm-none-eabi/lib\libc.a(lib_a-lock.o)
__lock___sfp_recursive_mutex                      c:/gcc-arm-none-eabi/10 2021.10/bin/../lib/gcc/arm-none-eabi/10.3.1/../../../../arm-none-eabi/lib\libc.a(lib_a-lock.o)
__lock___sinit_recursive_mutex                    c:/gcc-arm-none-eabi/10 2021.10/bin/../lib/gcc/arm-none-eabi/10.3.1/../../../../arm-none-eabi/lib\libc.a(lib_a-lock.o)
__lock___tz_mutex                                 c:/gcc-arm-none-eabi/10 2021.10/bin/../lib/gcc/arm-none-eabi/10.3.1/../../../../arm-none-eabi/lib\libc.a(lib_a-lock.o)
__preinit_array_end                               c:/gcc-arm-none-eabi/10 2021.10/bin/../lib/gcc/arm-none-eabi/10.3.1/../../../../arm-none-eabi/lib\libc.a(lib_a-init.o)
__preinit_array_start                             c:/gcc-arm-none-eabi/10 2021.10/bin/../lib/gcc/arm-none-eabi/10.3.1/../../../../arm-none-eabi/lib\libc.a(lib_a-init.o)
__register_exitproc                               c:/gcc-arm-none-eabi/10 2021.10/bin/../lib/gcc/arm-none-eabi/10.3.1/../../../../arm-none-eabi/lib\libc.a(lib_a-__atexit.o)
                                                  c:/gcc-arm-none-eabi/10 2021.10/bin/../lib/gcc/arm-none-eabi/10.3.1/../../../../arm-none-eabi/lib\libc.a(lib_a-atexit.o)
__register_frame_info                             c:/gcc-arm-none-eabi/10 2021.10/bin/../lib/gcc/arm-none-eabi/10.3.1/crtbegin.o
__retarget_lock_acquire                           c:/gcc-arm-none-eabi/10 2021.10/bin/../lib/gcc/arm-none-eabi/10.3.1/../../../../arm-none-eabi/lib\libc.a(lib_a-lock.o)
__retarget_lock_acquire_recursive                 c:/gcc-arm-none-eabi/10 2021.10/bin/../lib/gcc/arm-none-eabi/10.3.1/../../../../arm-none-eabi/lib\libc.a(lib_a-lock.o)
                                                  c:/gcc-arm-none-eabi/10 2021.10/bin/../lib/gcc/arm-none-eabi/10.3.1/../../../../arm-none-eabi/lib\libc.a(lib_a-__atexit.o)
                                                  c:/gcc-arm-none-eabi/10 2021.10/bin/../lib/gcc/arm-none-eabi/10.3.1/../../../../arm-none-eabi/lib\libc.a(lib_a-__call_atexit.o)
__retarget_lock_close                             c:/gcc-arm-none-eabi/10 2021.10/bin/../lib/gcc/arm-none-eabi/10.3.1/../../../../arm-none-eabi/lib\libc.a(lib_a-lock.o)
__retarget_lock_close_recursive                   c:/gcc-arm-none-eabi/10 2021.10/bin/../lib/gcc/arm-none-eabi/10.3.1/../../../../arm-none-eabi/lib\libc.a(lib_a-lock.o)
__retarget_lock_init                              c:/gcc-arm-none-eabi/10 2021.10/bin/../lib/gcc/arm-none-eabi/10.3.1/../../../../arm-none-eabi/lib\libc.a(lib_a-lock.o)
__retarget_lock_init_recursive                    c:/gcc-arm-none-eabi/10 2021.10/bin/../lib/gcc/arm-none-eabi/10.3.1/../../../../arm-none-eabi/lib\libc.a(lib_a-lock.o)
__retarget_lock_release                           c:/gcc-arm-none-eabi/10 2021.10/bin/../lib/gcc/arm-none-eabi/10.3.1/../../../../arm-none-eabi/lib\libc.a(lib_a-lock.o)
__retarget_lock_release_recursive                 c:/gcc-arm-none-eabi/10 2021.10/bin/../lib/gcc/arm-none-eabi/10.3.1/../../../../arm-none-eabi/lib\libc.a(lib_a-lock.o)
                                                  c:/gcc-arm-none-eabi/10 2021.10/bin/../lib/gcc/arm-none-eabi/10.3.1/../../../../arm-none-eabi/lib\libc.a(lib_a-__atexit.o)
                                                  c:/gcc-arm-none-eabi/10 2021.10/bin/../lib/gcc/arm-none-eabi/10.3.1/../../../../arm-none-eabi/lib\libc.a(lib_a-__call_atexit.o)
__retarget_lock_try_acquire                       c:/gcc-arm-none-eabi/10 2021.10/bin/../lib/gcc/arm-none-eabi/10.3.1/../../../../arm-none-eabi/lib\libc.a(lib_a-lock.o)
__retarget_lock_try_acquire_recursive             c:/gcc-arm-none-eabi/10 2021.10/bin/../lib/gcc/arm-none-eabi/10.3.1/../../../../arm-none-eabi/lib\libc.a(lib_a-lock.o)
__stack                                           c:/gcc-arm-none-eabi/10 2021.10/bin/../lib/gcc/arm-none-eabi/10.3.1/../../../../arm-none-eabi/lib/crt0.o
_exit                                             c:/gcc-arm-none-eabi/10 2021.10/bin/../lib/gcc/arm-none-eabi/10.3.1/../../../../arm-none-eabi/lib\libc.a(lib_a-exit.o)
_fini                                             c:/gcc-arm-none-eabi/10 2021.10/bin/../lib/gcc/arm-none-eabi/10.3.1/crti.o
                                                  c:/gcc-arm-none-eabi/10 2021.10/bin/../lib/gcc/arm-none-eabi/10.3.1/../../../../arm-none-eabi/lib\libc.a(lib_a-fini.o)
_global_impure_ptr                                c:/gcc-arm-none-eabi/10 2021.10/bin/../lib/gcc/arm-none-eabi/10.3.1/../../../../arm-none-eabi/lib\libc.a(lib_a-impure.o)
                                                  c:/gcc-arm-none-eabi/10 2021.10/bin/../lib/gcc/arm-none-eabi/10.3.1/../../../../arm-none-eabi/lib\libc.a(lib_a-__atexit.o)
                                                  c:/gcc-arm-none-eabi/10 2021.10/bin/../lib/gcc/arm-none-eabi/10.3.1/../../../../arm-none-eabi/lib\libc.a(lib_a-__call_atexit.o)
                                                  c:/gcc-arm-none-eabi/10 2021.10/bin/../lib/gcc/arm-none-eabi/10.3.1/../../../../arm-none-eabi/lib\libc.a(lib_a-exit.o)
_impure_ptr                                       c:/gcc-arm-none-eabi/10 2021.10/bin/../lib/gcc/arm-none-eabi/10.3.1/../../../../arm-none-eabi/lib\libc.a(lib_a-impure.o)
_init                                             c:/gcc-arm-none-eabi/10 2021.10/bin/../lib/gcc/arm-none-eabi/10.3.1/crti.o
                                                  c:/gcc-arm-none-eabi/10 2021.10/bin/../lib/gcc/arm-none-eabi/10.3.1/../../../../arm-none-eabi/lib\libc.a(lib_a-init.o)
_mainCRTStartup                                   c:/gcc-arm-none-eabi/10 2021.10/bin/../lib/gcc/arm-none-eabi/10.3.1/../../../../arm-none-eabi/lib/crt0.o
_stack_init                                       c:/gcc-arm-none-eabi/10 2021.10/bin/../lib/gcc/arm-none-eabi/10.3.1/../../../../arm-none-eabi/lib/crt0.o
_start                                            c:/gcc-arm-none-eabi/10 2021.10/bin/../lib/gcc/arm-none-eabi/10.3.1/../../../../arm-none-eabi/lib/crt0.o
atexit                                            c:/gcc-arm-none-eabi/10 2021.10/bin/../lib/gcc/arm-none-eabi/10.3.1/../../../../arm-none-eabi/lib\libc.a(lib_a-atexit.o)
                                                  c:/gcc-arm-none-eabi/10 2021.10/bin/../lib/gcc/arm-none-eabi/10.3.1/../../../../arm-none-eabi/lib\libc.a(lib_a-__call_atexit.o)
                                                  c:/gcc-arm-none-eabi/10 2021.10/bin/../lib/gcc/arm-none-eabi/10.3.1/../../../../arm-none-eabi/lib/crt0.o
exit                                              c:/gcc-arm-none-eabi/10 2021.10/bin/../lib/gcc/arm-none-eabi/10.3.1/../../../../arm-none-eabi/lib\libc.a(lib_a-exit.o)
                                                  c:/gcc-arm-none-eabi/10 2021.10/bin/../lib/gcc/arm-none-eabi/10.3.1/../../../../arm-none-eabi/lib/crt0.o
hardware_init_hook                                c:/gcc-arm-none-eabi/10 2021.10/bin/../lib/gcc/arm-none-eabi/10.3.1/../../../../arm-none-eabi/lib/crt0.o
main                                              C:\Users\opto\AppData\Local\Temp\ccKPkhAg.o
                                                  c:/gcc-arm-none-eabi/10 2021.10/bin/../lib/gcc/arm-none-eabi/10.3.1/../../../../arm-none-eabi/lib/crt0.o
memset                                            c:/gcc-arm-none-eabi/10 2021.10/bin/../lib/gcc/arm-none-eabi/10.3.1/../../../../arm-none-eabi/lib\libc.a(lib_a-memset.o)
                                                  c:/gcc-arm-none-eabi/10 2021.10/bin/../lib/gcc/arm-none-eabi/10.3.1/../../../../arm-none-eabi/lib/crt0.o
software_init_hook                                c:/gcc-arm-none-eabi/10 2021.10/bin/../lib/gcc/arm-none-eabi/10.3.1/../../../../arm-none-eabi/lib/crt0.o
